users:
  - user_: "5b8d68c8-2f28-4b53-ac5a-2db586512448"
    user_name: "user"
    password: "password"
    first_name: "first_name_new"
    last_name: "last_name_new"
    email: "email_new@email"
    enabled: "false"
    created: "2024-08-20 12:16:25.000"
    created_by: "admin"
roles:
  - role_: "6a8d68c8-2f28-4b53-ac5a-2db586512438"
    role: "USER"
  - role_: "7a8d68c8-2f28-4b53-ac5a-2db586512438"
    role: "MANAGER"
users_roles:
  - user_: "5b8d68c8-2f28-4b53-ac5a-2db586512448"
    role_: "6a8d68c8-2f28-4b53-ac5a-2db586512438"
  - user_: "5b8d68c8-2f28-4b53-ac5a-2db586512448"
    role_: "7a8d68c8-2f28-4b53-ac5a-2db586512438"