users:
  - user_:
    user_name: "username"
    password: "password"
    first_name: "first_name"
    last_name: "last_name"
    email: "email@email"
    enabled: "true"
    created:
roles:
  - role_: "5a8d68c8-2f28-4b53-ac5a-2db586512438"
    role: "USER"
users_roles:
  - user_:
    role_: "5a8d68c8-2f28-4b53-ac5a-2db586512438"