users:
roles:
  - role_: "6a8d68c8-2f28-4b53-ac5a-2db586512438"
    role: "USER"
users_roles: